Manage containers

Commands:
  attach      Attach local standard input, output, and error streams to a running container
  commit      Create a new image from a container's changes
  cp          Copy files/folders between a container and the local filesystem
  create      Create a new container
  diff        Inspect changes to files or directories on a container's filesystem
  exec        Execute a command in a running container
  export      Export a container's filesystem as a tar archive
  inspect     Display detailed information on one or more containers
  kill        Kill one or more running containers
  logs        Fetch the logs of a container
  ls          List containers
  pause       Pause all processes within one or more containers
  port        List port mappings or a specific mapping for the container
  prune       Remove all stopped containers
  rename      Rename a container
  restart     Restart one or more containers
  rm          Remove one or more containers
  run         Create and run a new container from an image
  start       Start one or more stopped containers
  stats       Display a live stream of container(s) resource usage statistics
  stop        Stop one or more running containers
  top         Display the running processes of a container
  unpause     Unpause all processes within one or more containers
  update      Update configuration of one or more containers
  wait        Block until one or more containers stop, then print their exit codes

Run 'docker container COMMAND --help' for more information on a command.

root@docker-demo:~# docker container -ls -aq
unknown shorthand flag: 'l' in -ls
See 'docker container --help'.

Usage:  docker container COMMAND

Manage containers

Commands:
  attach      Attach local standard input, output, and error streams to a running container
  commit      Create a new image from a container's changes
  cp          Copy files/folders between a container and the local filesystem
  create      Create a new container
  diff        Inspect changes to files or directories on a container's filesystem
  exec        Execute a command in a running container
  export      Export a container's filesystem as a tar archive
  inspect     Display detailed information on one or more containers
  kill        Kill one or more running containers
  logs        Fetch the logs of a container
  ls          List containers
  pause       Pause all processes within one or more containers
  port        List port mappings or a specific mapping for the container
  prune       Remove all stopped containers
  rename      Rename a container
  restart     Restart one or more containers
  rm          Remove one or more containers
  run         Create and run a new container from an image
  start       Start one or more stopped containers
  stats       Display a live stream of container(s) resource usage statistics
  stop        Stop one or more running containers
  top         Display the running processes of a container
  unpause     Unpause all processes within one or more containers
  update      Update configuration of one or more containers
  wait        Block until one or more containers stop, then print their exit codes

Run 'docker container COMMAND --help' for more information on a command.

root@docker-demo:~# docker container ls -aq
9dde62ca54ee
b1666bf2f12a
aa9d8c070a5a
eda3ae37d6ce
8996ff734956
root@docker-demo:~# docker container ls
CONTAINER ID   IMAGE     COMMAND   CREATED   STATUS    PORTS     NAMES
root@docker-demo:~# docker container ls -a
CONTAINER ID   IMAGE         COMMAND                  CREATED          STATUS                      PORTS     NAMES
9dde62ca54ee   nginx         "/docker-entrypoint.…"   3 minutes ago    Exited (0) 2 minutes ago              attached
b1666bf2f12a   nginx         "/docker-entrypoint.…"   6 minutes ago    Exited (0) 49 seconds ago             mynginx
aa9d8c070a5a   nginx         "/docker-entrypoint.…"   12 minutes ago   Exited (0) 10 minutes ago             myngninx
eda3ae37d6ce   nginx         "/docker-entrypoint.…"   17 hours ago     Exited (0) 10 minutes ago             frosty_haibt
8996ff734956   hello-world   "/hello"                 18 hours ago     Exited (0) 18 hours ago               great_engelbart
root@docker-demo:~# docker container ls -aq
9dde62ca54ee
b1666bf2f12a
aa9d8c070a5a
eda3ae37d6ce
8996ff734956
root@docker-demo:~# docker container ls -q
root@docker-demo:~# docker container ls -aq
9dde62ca54ee
b1666bf2f12a
aa9d8c070a5a
eda3ae37d6ce
8996ff734956
root@docker-demo:~# docker start nginx -d -p 8080:80
unknown shorthand flag: 'd' in -d
See 'docker start --help'.
root@docker-demo:~# docker start -dp 8080:80 nginx
unknown shorthand flag: 'd' in -dp
See 'docker start --help'.
root@docker-demo:~# docker run -dp 8080:80 nginx
080a8302faf022a4a69e921f86d69cf532d3a8b3fb531cfbb6b8dcb10232d250
root@docker-demo:~# docker run -dp 8081:80 nginx
cd0470b0b315bab3a95e0fa5296d5861dee27572ff8c624fbf6c32df83878585
root@docker-demo:~# docker run -dp 8082:80 nginx
80886891617a307953a9519318896b49d519b241fdc169e948573e78fe552427
root@docker-demo:~# docker ps
CONTAINER ID   IMAGE     COMMAND                  CREATED          STATUS          PORTS                                   NAMES
80886891617a   nginx     "/docker-entrypoint.…"   2 seconds ago    Up 1 second     0.0.0.0:8082->80/tcp, :::8082->80/tcp   thirsty_neumann
cd0470b0b315   nginx     "/docker-entrypoint.…"   6 seconds ago    Up 5 seconds    0.0.0.0:8081->80/tcp, :::8081->80/tcp   wonderful_ishizaka
080a8302faf0   nginx     "/docker-entrypoint.…"   12 seconds ago   Up 12 seconds   0.0.0.0:8080->80/tcp, :::8080->80/tcp   dreamy_goldberg
root@docker-demo:~# docker container stop $(docker container ls -aq)
80886891617a
cd0470b0b315
080a8302faf0
9dde62ca54ee
b1666bf2f12a
aa9d8c070a5a
eda3ae37d6ce
8996ff734956
root@docker-demo:~# docker ps
CONTAINER ID   IMAGE     COMMAND   CREATED   STATUS    PORTS     NAMES
root@docker-demo:~# docker container rm $(docker container ls -aq)
80886891617a
cd0470b0b315
080a8302faf0
9dde62ca54ee
b1666bf2f12a
aa9d8c070a5a
eda3ae37d6ce
8996ff734956
root@docker-demo:~# docker ps -a
CONTAINER ID   IMAGE     COMMAND   CREATED   STATUS    PORTS     NAMES
root@docker-demo:~# docker run -dp 8080:80 nginx
b0db1e247d77bda4a181eef815edd8d5fe36567eef8e7494c888ff53cc80e6d8
root@docker-demo:~# docker run -dp 8081:80 nginx
45d5f57da005ed4da88437980b3f6e0e03a7994d4a4ce84db57ba8488753f7fb
root@docker-demo:~# docker run -dp 8082:80 nginx
0f54aaf77032d9190c30cd4f59aa998c059b850cc3e8748f0fa3697d71b27643
root@docker-demo:~# ls
snap
root@docker-demo:~# docker container ls
CONTAINER ID   IMAGE     COMMAND                  CREATED          STATUS          PORTS                                   NAMES
0f54aaf77032   nginx     "/docker-entrypoint.…"   8 seconds ago    Up 7 seconds    0.0.0.0:8082->80/tcp, :::8082->80/tcp   peaceful_gagarin
45d5f57da005   nginx     "/docker-entrypoint.…"   11 seconds ago   Up 10 seconds   0.0.0.0:8081->80/tcp, :::8081->80/tcp   admiring_black
b0db1e247d77   nginx     "/docker-entrypoint.…"   15 seconds ago   Up 13 seconds   0.0.0.0:8080->80/tcp, :::8080->80/tcp   strange_hugle
root@docker-demo:~# docker ps
CONTAINER ID   IMAGE     COMMAND                  CREATED          STATUS          PORTS                                   NAMES
0f54aaf77032   nginx     "/docker-entrypoint.…"   13 seconds ago   Up 12 seconds   0.0.0.0:8082->80/tcp, :::8082->80/tcp   peaceful_gagarin
45d5f57da005   nginx     "/docker-entrypoint.…"   16 seconds ago   Up 15 seconds   0.0.0.0:8081->80/tcp, :::8081->80/tcp   admiring_black
b0db1e247d77   nginx     "/docker-entrypoint.…"   20 seconds ago   Up 18 seconds   0.0.0.0:8080->80/tcp, :::8080->80/tcp   strange_hugle
root@docker-demo:~# docker stop peaceful
Error response from daemon: No such container: peaceful
root@docker-demo:~# docker stop peaceful_gagarin
peaceful_gagarin
root@docker-demo:~# docker container ls
CONTAINER ID   IMAGE     COMMAND                  CREATED          STATUS          PORTS                                   NAMES
45d5f57da005   nginx     "/docker-entrypoint.…"   42 seconds ago   Up 41 seconds   0.0.0.0:8081->80/tcp, :::8081->80/tcp   admiring_black
b0db1e247d77   nginx     "/docker-entrypoint.…"   46 seconds ago   Up 45 seconds   0.0.0.0:8080->80/tcp, :::8080->80/tcp   strange_hugle
root@docker-demo:~# docker ps
CONTAINER ID   IMAGE     COMMAND                  CREATED          STATUS          PORTS                                   NAMES
45d5f57da005   nginx     "/docker-entrypoint.…"   45 seconds ago   Up 44 seconds   0.0.0.0:8081->80/tcp, :::8081->80/tcp   admiring_black
b0db1e247d77   nginx     "/docker-entrypoint.…"   49 seconds ago   Up 48 seconds   0.0.0.0:8080->80/tcp, :::8080->80/tcp   strange_hugle
root@docker-demo:~# docker stop $(docker ps -q)
45d5f57da005
b0db1e247d77
root@docker-demo:~# docker ps
CONTAINER ID   IMAGE     COMMAND   CREATED   STATUS    PORTS     NAMES
root@docker-demo:~# docker rm $(docker ps -aq)
0f54aaf77032
45d5f57da005
b0db1e247d77
root@docker-demo:~# docker ls
docker: 'ls' is not a docker command.
See 'docker --help'
root@docker-demo:~# docker container ls
CONTAINER ID   IMAGE     COMMAND   CREATED   STATUS    PORTS     NAMES
root@docker-demo:~# docker container ls -a
CONTAINER ID   IMAGE     COMMAND   CREATED   STATUS    PORTS     NAMES
root@docker-demo:~# docker container ls -aq
root@docker-demo:~# docker container run -d --name docker-exec nginx
7f16a35f495f6405af67eadc63d44ef687f759a136fd58ac29b2c6faed5e23f0
root@docker-demo:~# docker ps
CONTAINER ID   IMAGE     COMMAND                  CREATED         STATUS         PORTS     NAMES
7f16a35f495f   nginx     "/docker-entrypoint.…"   5 seconds ago   Up 4 seconds   80/tcp    docker-exec
root@docker-demo:~# docker ps -q
7f16a35f495f
root@docker-demo:~# docker container exec -it docker-exec bash
root@7f16a35f495f:/# /etc/init.d/nginx status
nginx is running.
root@7f16a35f495f:/# apt-get update
Get:1 http://deb.debian.org/debian bookworm InRelease [151 kB]
Get:2 http://deb.debian.org/debian bookworm-updates InRelease [52.1 kB]
Get:3 http://deb.debian.org/debian-security bookworm-security InRelease [48.0 kB]
Get:4 http://deb.debian.org/debian bookworm/main amd64 Packages [8787 kB]
Get:5 http://deb.debian.org/debian bookworm-updates/main amd64 Packages [11.5 kB]
Get:6 http://deb.debian.org/debian-security bookworm-security/main amd64 Packages [132 kB]
Fetched 9182 kB in 2s (4977 kB/s)
Reading package lists... Done
root@7f16a35f495f:/# apt-get install net-tools
Reading package lists... Done
Building dependency tree... Done
Reading state information... Done
The following NEW packages will be installed:
  net-tools
0 upgraded, 1 newly installed, 0 to remove and 2 not upgraded.
Need to get 243 kB of archives.
After this operation, 1001 kB of additional disk space will be used.
Get:1 http://deb.debian.org/debian bookworm/main amd64 net-tools amd64 2.10-0.1 [243 kB]
Fetched 243 kB in 0s (5905 kB/s)
ndebconf: delaying package configuration, since apt-utils is not installed
Selecting previously unselected package net-tools.
(Reading database ... 7590 files and directories currently installed.)
Preparing to unpack .../net-tools_2.10-0.1_amd64.deb ...
Unpacking net-tools (2.10-0.1) ...
Setting up net-tools (2.10-0.1) ...
root@7f16a35f495f:/# netstat -ntlp
Active Internet connections (only servers)
Proto Recv-Q Send-Q Local Address           Foreign Address         State       PID/Program name
tcp        0      0 0.0.0.0:80              0.0.0.0:*               LISTEN      1/nginx: master pro
tcp6       0      0 :::80                   :::*                    LISTEN      1/nginx: master pro
root@7f16a35f495f:/# which netstat
/usr/bin/netstat
root@7f16a35f495f:/# exot
bash: exot: command not found
root@7f16a35f495f:/# exit
exit
root@docker-demo:~# docker container ls
CONTAINER ID   IMAGE     COMMAND                  CREATED         STATUS         PORTS     NAMES
7f16a35f495f   nginx     "/docker-entrypoint.…"   2 minutes ago   Up 2 minutes   80/tcp    docker-exec
root@docker-demo:~# docker ps
CONTAINER ID   IMAGE     COMMAND                  CREATED         STATUS         PORTS     NAMES
7f16a35f495f   nginx     "/docker-entrypoint.…"   2 minutes ago   Up 2 minutes   80/tcp    docker-exec
root@docker-demo:~# docker exec -it docker-exec netstat -ntlp
Active Internet connections (only servers)
Proto Recv-Q Send-Q Local Address           Foreign Address         State       PID/Program name
tcp        0      0 0.0.0.0:80              0.0.0.0:*               LISTEN      1/nginx: master pro
tcp6       0      0 :::80                   :::*                    LISTEN      1/nginx: master pro
root@docker-demo:~# docker container exec -it docker-exec bash
root@7f16a35f495f:/# netstat -ntlp
Active Internet connections (only servers)
Proto Recv-Q Send-Q Local Address           Foreign Address         State       PID/Program name
tcp        0      0 0.0.0.0:80              0.0.0.0:*               LISTEN      1/nginx: master pro
tcp6       0      0 :::80                   :::*                    LISTEN      1/nginx: master pro
root@7f16a35f495f:/# /etc/init.d/nginx stop
root@docker-demo:~# docker ps
CONTAINER ID   IMAGE     COMMAND   CREATED   STATUS    PORTS     NAMES
root@docker-demo:~# docker container ls -a
CONTAINER ID   IMAGE     COMMAND                  CREATED         STATUS                          PORTS     NAMES
7f16a35f495f   nginx     "/docker-entrypoint.…"   5 minutes ago   Exited (0) About a minute ago             docker-exec
root@docker-demo:~# docker ps -a
CONTAINER ID   IMAGE     COMMAND                  CREATED         STATUS                          PORTS     NAMES
7f16a35f495f   nginx     "/docker-entrypoint.…"   5 minutes ago   Exited (0) About a minute ago             docker-exec
root@docker-demo:~# docker contaienr start docker-exec
docker: 'contaienr' is not a docker command.
See 'docker --help'
root@docker-demo:~# docker container start docker-exec
docker-exec
root@docker-demo:~# docker exec -it docker-exec netstat -ntlp
Active Internet connections (only servers)
Proto Recv-Q Send-Q Local Address           Foreign Address         State       PID/Program name
tcp        0      0 0.0.0.0:80              0.0.0.0:*               LISTEN      1/nginx: master pro
tcp6       0      0 :::80                   :::*                    LISTEN      1/nginx: master pro
root@docker-demo:~# docker container ls
CONTAINER ID   IMAGE     COMMAND                  CREATED          STATUS          PORTS     NAMES
7f16a35f495f   nginx     "/docker-entrypoint.…"   43 minutes ago   Up 37 minutes   80/tcp    docker-exec
root@docker-demo:~# docker container exec -it docker-exec netstat -ntlp
Active Internet connections (only servers)
Proto Recv-Q Send-Q Local Address           Foreign Address         State       PID/Program name
tcp        0      0 0.0.0.0:80              0.0.0.0:*               LISTEN      1/nginx: master pro
tcp6       0      0 :::80                   :::*                    LISTEN      1/nginx: master pro
root@docker-demo:~# docker container exec docker-exec netstat -ntlp
    ;;
*)
    ;;
esac

# enable Color support of ls and also add handy aliases
if [ -x /usr/bin/dircolors ]; then
    test -r ~/.dircolors && eval "$(dircolors -b ~/.dircolors)" || eval "$(dircolors -b)"
    alias ls='ls --color=auto'
    #alias dir='dir --color=auto'
    #alias vdir='vdir --color=auto'

    alias grep='grep --color=auto'
    alias fgrep='fgrep --color=auto'
    alias egrep='egrep --color=auto'
fi

# some more ls aliases
alias ll='ls -alF'
alias la='ls -A'
alias l='ls -CF'

# Alias definitions.
# You may want to put all your additions into a separate file like
# ~/.bash_aliases, instead of adding them here directly.
# See /usr/share/doc/bash-doc/examples in the bash-doc package.

if [ -f ~/.bash_aliases ]; then
    . ~/.bash_aliases
fi

# enable programmable completion features (you don't need to enable
# this, if it's already enabled in /etc/bash.bashrc and /etc/profile
# sources /etc/bash.bashrc).
#if [ -f /etc/bash_completion ] && ! shopt -oq posix; then
#    . /etc/bash_completion
#fi
".bashrc" 100L, 3130B                                                                                           94,0-1        Bot
# update the values of LINES and COLUMNS.
shopt -s checkwinsize

# make less more friendly for non-text input files, see lesspipe(1)
[ -x /usr/bin/lesspipe ] && eval "$(SHELL=/bin/sh lesspipe)"

# set variable identifying the chroot you work in (used in the prompt below)
if [ -z "$debian_chroot" ] && [ -r /etc/debian_chroot ]; then
    debian_chroot=$(cat /etc/debian_chroot)
fi

# set a fancy prompt (non-color, unless we know we "want" color)
case "$TERM" in
    xterm-color) color_prompt=yes;;
esac

# uncomment for a colored prompt, if the terminal has the capability; turned
# off by default to not distract the user: the focus in a terminal window
# should be on the output of commands, not on the prompt
#force_color_prompt=yes

if [ -n "$force_color_prompt" ]; then
    if [ -x /usr/bin/tput ] && tput setaf 1 >&/dev/null; then
        # We have color support; assume it's compliant with Ecma-48
        # (ISO/IEC-6429). (Lack of such support is extremely rare, and such
        # a case would tend to support setf rather than setaf.)
        color_prompt=yes
    else
        color_prompt=
    fi
fI
export TERM=xterm-color

if [ "$color_prompt" = yes ]; then
    PS1='${debian_chroot:+($debian_chroot)}\[\033[01;32m\]\u@\h\[\033[00m\]:\[\033[01;34m\]\w\[\033[00m\]\$ '
else
    PS1='${debian_chroot:+($debian_chroot)}\u@\h:\w\$ '
Active Internet connections (only servers)
# check the window size after each command and, if necessary,
# update the values of LINES and COLUMNS.
shopt -s checkwinsize

# make less more friendly for non-text input files, see lesspipe(1)
[ -x /usr/bin/lesspipe ] && eval "$(SHELL=/bin/sh lesspipe)"

# set variable identifying the chroot you work in (used in the prompt below)
if [ -z "$debian_chroot" ] && [ -r /etc/debian_chroot ]; then
    debian_chroot=$(cat /etc/debian_chroot)
fi

# set a fancy prompt (non-color, unless we know we "want" color)
case "$TERM" in
    xterm-color) color_prompt=yes;;
esac

# uncomment for a colored prompt, if the terminal has the capability; turned
# off by default to not distract the user: the focus in a terminal window
# should be on the output of commands, not on the prompt
#force_color_prompt=yes

if [ -n "$force_color_prompt" ]; then
    if [ -x /usr/bin/tput ] && tput setaf 1 >&/dev/null; then
        # We have color support; assume it's compliant with Ecma-48
        # (ISO/IEC-6429). (Lack of such support is extremely rare, and such
        # a case would tend to support setf rather than setaf.)
        color_prompt=yes
    else
        color_prompt=
    fi
fi
export TERM=xterm-color

if [ "$color_prompt" = yes ]; then
    PS1='${debian_chroot:+($debian_chroot)}\[\033[01;32m\]\u@\h\[\033[00m\]:\[\033[01;34m\]\w\[\033[00m\]\$ '
else
".bashrc" 100L, 3130B                                                                                           50,2          28%
# check the window size after each command and, if necessary,
# check the window size after each command and, if necessary,
# update the values of LINES and COLUMNS.
shopt -s checkwinsize

# make less more friendly for non-text input files, see lesspipe(1)
[ -x /usr/bin/lesspipe ] && eval "$(SHELL=/bin/sh lesspipe)"

# set variable identifying the chroot you work in (used in the prompt below)
if [ -z "$debian_chroot" ] && [ -r /etc/debian_chroot ]; then
    debian_chroot=$(cat /etc/debian_chroot)
fi

# set a fancy prompt (non-color, unless we know we "want" color)
case "$TERM" in
    xterm-color) color_prompt=yes;;
esac

# uncomment for a colored prompt, if the terminal has the capability; turned
# off by default to not distract the user: the focus in a terminal window
# should be on the output of commands, not on the prompt
#force_color_prompt=yes

if [ -n "$force_color_prompt" ]; then
    if [ -x /usr/bin/tput ] && tput setaf 1 >&/dev/null; then
        # We have color support; assume it's compliant with Ecma-48
        # (ISO/IEC-6429). (Lack of such support is extremely rare, and such
        # a case would tend to support setf rather than setaf.)
        color_prompt=yes
    else
        color_prompt=
    fi
fi

export TERM=xterm-color

if [ "$color_prompt" = yes ]; then
    PS1='${debian_chroot:+($debian_chroot)}\[\033[01;32m\]\u@\h\[\033[00m\]:\[\033[01;34m\]\w\[\033[00m\]\$ '
else
".bashrc" 101L, 3131B written
Proto Recv-Q Send-Q Local Address           Foreign Address         State       PID/Program name
tcp        0      0 0.0.0.0:80              0.0.0.0:*               LISTEN      1/nginx: master pro
tcp6       0      0 :::80                   :::*                    LISTEN      1/nginx: master pro
root@docker-demo:~# docker container exec docker-exec bash
root@docker-demo:~# docker container exec -i docker-exec bash
ls
bin
boot
dev
docker-entrypoint.d
docker-entrypoint.sh
etc
home
lib
lib32
lib64
libx32
media
mnt
opt
proc
root
run
sbin
srv
sys
tmp
usr
var
pwd
/
exit
root@docker-demo:~# docker container exec -it docker-exec bash
root@7f16a35f495f:/# exit
exit
root@docker-demo:~# vi .bashrc
root@docker-demo:~# vi .bashrc
root@docker-demo:~# reload
root@docker-demo:~# default=$P1
root@docker-demo:~# $P1=test
Command '=test' not found, did you mean:
  command 'ctest' from snap cmake (3.28.1)
  command 'ctest' from deb cmake (3.27.4-1)
  command 'btest' from deb btest (0.72-1)
  command 'ztest' from deb zfs-test (2.2.0~rc3-0ubuntu4)
  command 'ztest' from deb zutils (1.12-3)
  command 'mtest' from deb parmetis-test (4.0.3-7)
  command 'ptest' from deb pbuilder-scripts (22)
  command 'ptest' from deb parmetis-test (4.0.3-7)
  command 'test' from deb coreutils (9.1-1ubuntu2)
  command 'atest' from deb direwolf (1.6+dfsg-4build1)
  command 'stest' from deb suckless-tools (47-1)
  command 'dtest' from deb dapl2-utils (2.1.10.1.f1e05b7a-3)
  command 'qtest' from deb ocaml-qtest (2.11.2-4)
See 'snap info <snapname>' for additional versions.
root@docker-demo:~# $P1="test"
alias reload="source ~/.bashrc"

RED='\[\e[1;31m\]'
BOLDYELLOW='\[\e[1;33m\]'
GREEN='\[\e[0;32m\]'
BLUE='\[\e[1;34m\]'
DARKBROWN='\[\e[1;33m\]'
DARKGRAY='\[\e[1;30m\]'
CUSTOMCOLORMIX='\[\e[1;30m\]'
DARKCUSTOMCOLORMIX='\[\e[1;32m\]'
LIGHTBLUE="\[\033[1;36m\]"
PURPLE='\[\e[1;35m\]'

~
~
~
~
~
~
~
~
~
~
~
~
~
~
~
~
~
~
~
~
~
~
~
~
".bash_aliases" 13L, 282B                                                                                       3,5           All
alias reload="source ~/.bashrc"

RED='\[\e[1;31m\]'
BOLDYELLOW='\[\e[1;33m\]'
GREEN='\[\e[0;32m\]'
BLUE='\[\e[1;34m\]'
DARKBROWN='\[\e[1;33m\]'
DARKGRAY='\[\e[1;30m\]'
CUSTOMCOLORMIX='\[\e[1;30m\]'
DARKCUSTOMCOLORMIX='\[\e[1;32m\]'
LIGHTBLUE="\[\033[1;36m\]"
PURPLE='\[\e[1;35m\]'

~
~
~
~
~
~
~
~
~
~
~
~
~
~
~
~
~
~
~
~
~
~
~
~
Command '=test' not found, did you mean:

~
~
~
~
~
~
~
~
~
~
~
~
~
~
~
~
~
~
~
~
~
~
~
~
~
~
~
~
~
~
~
~
~
~
~
~
".bash_prompt" [New]                                                                                            0,0-1         All
default="\e[0m"

# NORMAL
black="\e[0;30m"
red="\e[0;31m"
green="\e[0;32m"
brown="\e[0;33m"
blue="\e[0;34m"
purple="\e[0;35m"
cyan="\e[0;36m"
grey="\e[0;37m"

# BOLD / BRIGHT
b_black="\e[1;30m"
b_red="\e[1;31m"
b_green="\e[1;32m"
b_brown="\e[1;33m"
b_blue="\e[1;34m"
b_purple="\e[1;35m"
b_cyan="\e[1;36m"
b_grey="\e[1;37m"

# DIM
black="\e[2;30m"
red="\e[2;31m"
green="\e[2;32m"
brown="\e[2;33m"
blue="\e[2;34m"
purple="\e[2;35m"
cyan="\e[2;36m"
grey="\e[2;37m"


~
~
~
~
".bash_prompt" [New] 33L, 464B written
  command 'ctest' from snap cmake (3.28.1)
# update the values of LINES and COLUMNS.
shopt -s checkwinsize

# make less more friendly for non-text input files, see lesspipe(1)
[ -x /usr/bin/lesspipe ] && eval "$(SHELL=/bin/sh lesspipe)"

# set variable identifying the chroot you work in (used in the prompt below)
if [ -z "$debian_chroot" ] && [ -r /etc/debian_chroot ]; then
    debian_chroot=$(cat /etc/debian_chroot)
fi

# set a fancy prompt (non-color, unless we know we "want" color)
case "$TERM" in
    xterm-color) color_prompt=yes;;
esac

# uncomment for a colored prompt, if the terminal has the capability; turned
# off by default to not distract the user: the focus in a terminal window
# should be on the output of commands, not on the prompt
#force_color_prompt=yes

if [ -n "$force_color_prompt" ]; then
    if [ -x /usr/bin/tput ] && tput setaf 1 >&/dev/null; then
        # We have color support; assume it's compliant with Ecma-48
        # (ISO/IEC-6429). (Lack of such support is extremely rare, and such
        # a case would tend to support setf rather than setaf.)
        color_prompt=yes
    else
        color_prompt=
    fi
fi

export TERM=xterm-color

if [ "$color_prompt" = yes ]; then
    PS1='${debian_chroot:+($debian_chroot)}\[\033[01;32m\]\u@\h\[\033[00m\]:\[\033[01;34m\]\w\[\033[00m\]\$ '
else
".bashrc" 101L, 3131B                                                                                           51,0-1        29%
# update the values of LINES and COLUMNS.
shopt -s checkwinsize

# make less more friendly for non-text input files, see lesspipe(1)
[ -x /usr/bin/lesspipe ] && eval "$(SHELL=/bin/sh lesspipe)"

# set variable identifying the chroot you work in (used in the prompt below)
if [ -z "$debian_chroot" ] && [ -r /etc/debian_chroot ]; then
    debian_chroot=$(cat /etc/debian_chroot)
fi

# set a fancy prompt (non-color, unless we know we "want" color)
case "$TERM" in
    xterm-color) color_prompt=yes;;
esac

# uncomment for a colored prompt, if the terminal has the capability; turned
# off by default to not distract the user: the focus in a terminal window
# should be on the output of commands, not on the prompt
#force_color_prompt=yes

if [ -n "$force_color_prompt" ]; then
    if [ -x /usr/bin/tput ] && tput setaf 1 >&/dev/null; then
        # We have color support; assume it's compliant with Ecma-48
        # (ISO/IEC-6429). (Lack of such support is extremely rare, and such
        # a case would tend to support setf rather than setaf.)
        color_prompt=yes
    else
        color_prompt=
    fi
fi

export TERM=xterm-color

if [ "$color_prompt" = yes ]; then
    PS1='${debian_chroot:+($debian_chroot)}\[\033[01;32m\]\u@\h\[\033[00m\]:\[\033[01;34m\]\w\[\033[00m\]\$ '
else
    PS1='${debian_chroot:+($debian_chroot)}\u@\h:\w\$ '
fi
unset color_prompt force_color_prompt

# If this is an xterm set the title to user@host:dir
case "$TERM" in
xterm*|rxvt*)
    PS1="\[\e]0;${debian_chroot:+($debian_chroot)}\u@\h: \w\a\]$PS1"
# ~/.bashrc: executed by bash(1) for non-login shells.
# see /usr/share/doc/bash/examples/startup-files (in the package bash-doc)
# for examples

# If not running interactively, don't do anything
[ -z "$PS1" ] && return

# don't put duplicate lines in the history. See bash(1) for more options
# ... or force ignoredups and ignorespace
HISTCONTROL=ignoredups:ignorespace

# append to the history file, don't overwrite it
shopt -s histappend

# for setting history length see HISTSIZE and HISTFILESIZE in bash(1)
HISTSIZE=1000
HISTFILESIZE=2000

# check the window size after each command and, if necessary,
# update the values of LINES and COLUMNS.
shopt -s checkwinsize

# make less more friendly for non-text input files, see lesspipe(1)
[ -x /usr/bin/lesspipe ] && eval "$(SHELL=/bin/sh lesspipe)"

# set variable identifying the chroot you work in (used in the prompt below)
if [ -z "$debian_chroot" ] && [ -r /etc/debian_chroot ]; then
    debian_chroot=$(cat /etc/debian_chroot)
fi

# set a fancy prompt (non-color, unless we know we "want" color)
case "$TERM" in
    xterm-color) color_prompt=yes;;
esac

# uncomment for a colored prompt, if the terminal has the capability; turned
# off by default to not distract the user: the focus in a terminal window
# should be on the output of commands, not on the prompt
#force_color_prompt=yes

if [ -n "$force_color_prompt" ]; then
    if [ -x /usr/bin/tput ] && tput setaf 1 >&/dev/null; then
        # We have color support; assume it's compliant with Ecma-48
        # (ISO/IEC-6429). (Lack of such support is extremely rare, and such
        # a case would tend to support setf rather than setaf.)
        color_prompt=yes
    else
        color_prompt=
    fi
fi

export TERM=xterm-color

if [ "$color_prompt" = yes ]; then
    PS1='${debian_chroot:+($debian_chroot)}\[\033[01;32m\]\u@\h\[\033[00m\]:\[\033[01;34m\]\w\[\033[00m\]\$ '
else
    PS1='${debian_chroot:+($debian_chroot)}\u@\h:\w\$ '
fi
unset color_prompt force_color_prompt

# If this is an xterm set the title to user@host:dir
case "$TERM" in
xterm*|rxvt*)
    PS1="\[\e]0;${debian_chroot:+($debian_chroot)}\u@\h: \w\a\]$PS1"
    ;;
*)
    ;;
esac

# enable Color support of ls and also add handy aliases
if [ -x /usr/bin/dircolors ]; then
    test -r ~/.dircolors && eval "$(dircolors -b ~/.dircolors)" || eval "$(dircolors -b)"
    alias ls='ls --color=auto'
    #alias dir='dir --color=auto'
    #alias vdir='vdir --color=auto'

    alias grep='grep --color=auto'
    alias fgrep='fgrep --color=auto'
    alias egrep='egrep --color=auto'
fi

# some more ls aliases
alias ll='ls -alF'
alias la='ls -A'
alias l='ls -CF'

# Alias definitions.
# You may want to put all your additions into a separate file like
# ~/.bash_aliases, instead of adding them here directly.
# See /usr/share/doc/bash-doc/examples in the bash-doc package.

if [ -f ~/.bash_aliases ]; then
    . ~/.bash_aliases
fi

if [ -f ~/.bash_colours ]; then
    . ~/.bash_colours
fi

# enable programmable completion features (you don't need to enable
# this, if it's already enabled in /etc/bash.bashrc and /etc/profile
# sources /etc/bash.bashrc).
#if [ -f /etc/bash_completion ] && ! shopt -oq posix; then
#    . /etc/bash_completion
".bashrc" 105L, 3189B written
  command 'dtest' from deb dapl2-utils (2.1.10.1.f1e05b7a-3)
  command 'ctest' from deb cmake (3.27.4-1)
  command 'ptest' from deb pbuilder-scripts (22)
  command 'ptest' from deb parmetis-test (4.0.3-7)
  command 'btest' from deb btest (0.72-1)
  command 'mtest' from deb parmetis-test (4.0.3-7)
  command 'test' from deb coreutils (9.1-1ubuntu2)
  command 'atest' from deb direwolf (1.6+dfsg-4build1)

# enable Color support of ls and also add handy aliases
if [ -x /usr/bin/dircolors ]; then
    test -r ~/.dircolors && eval "$(dircolors -b ~/.dircolors)" || eval "$(dircolors -b)"
    alias ls='ls --color=auto'
    #alias dir='dir --color=auto'
    #alias vdir='vdir --color=auto'

    alias grep='grep --color=auto'
    alias fgrep='fgrep --color=auto'
    alias egrep='egrep --color=auto'
fi

# some more ls aliases
alias ll='ls -alF'
alias la='ls -A'
alias l='ls -CF'

# Alias definitions.
# You may want to put all your additions into a separate file like
# ~/.bash_aliases, instead of adding them here directly.
# See /usr/share/doc/bash-doc/examples in the bash-doc package.

if [ -f ~/.bash_aliases ]; then
    . ~/.bash_aliases
fi

if [ -f ~/.bash_colours ]; then
    . ~/.bash_colours
fi

# enable programmable completion features (you don't need to enable
# this, if it's already enabled in /etc/bash.bashrc and /etc/profile
# sources /etc/bash.bashrc).
#if [ -f /etc/bash_completion ] && ! shopt -oq posix; then
#    . /etc/bash_completion
#fi
".bashrc" 105L, 3189B                                                                                           97,19         Bot

# enable Color support of ls and also add handy aliases
if [ -x /usr/bin/dircolors ]; then
    test -r ~/.dircolors && eval "$(dircolors -b ~/.dircolors)" || eval "$(dircolors -b)"
    alias ls='ls --color=auto'
    #alias dir='dir --color=auto'
    #alias vdir='vdir --color=auto'

    alias grep='grep --color=auto'
    alias fgrep='fgrep --color=auto'
    alias egrep='egrep --color=auto'
fi

# some more ls aliases
alias ll='ls -alF'
alias la='ls -A'
alias l='ls -CF'

# Alias definitions.
# You may want to put all your additions into a separate file like
# ~/.bash_aliases, instead of adding them here directly.
# See /usr/share/doc/bash-doc/examples in the bash-doc package.

if [ -f ~/.bash_aliases ]; then
    . ~/.bash_aliases
fi

if [ -f ~/.bash_colours ]; then
    . ~/.bash_colours
fi

PS1="${b_green}\u@\h ${b_cyan}\w ${default}$ "

# enable programmable completion features (you don't need to enable
# this, if it's already enabled in /etc/bash.bashrc and /etc/profile
# sources /etc/bash.bashrc).
#if [ -f /etc/bash_completion ] && ! shopt -oq posix; then
#    . /etc/bash_completion
".bashrc" 107L, 3237B written
  command 'stest' from deb suckless-tools (47-1)
  command 'ztest' from deb zfs-test (2.2.0~rc3-0ubuntu4)
  command 'ztest' from deb zutils (1.12-3)
  command 'qtest' from deb ocaml-qtest (2.11.2-4)
See 'snap info <snapname>' for additional versions.
root@docker-demo:~# P1="test"
root@docker-demo:~# default=$PS1
root@docker-demo:~# PS1=test
testPS1=test
testPS1="test "
test export PS1="\e[0;32m[\u@\h \W]\$ \e[0m"
[root@docker-demo ~]$ export PS1=export PS1="\e[0;32m\u@\h \W\$ \e[0m"
root@docker-demo ~$ export PS1="\e[0;32m\u@\h \W\ $ \e[0m"
root@docker-demo ~\ $ green=\e[0;32m
Command '32m' not found, did you mean:
  command 'o2m' from deb osmid (0.8.0~repack-3)
  command 'b2m' from deb xemacs21-bin (21.4.24-12)
Try: apt install <deb name>
root@docker-demo ~\ $ green="\e[0;32m"
root@docker-demo ~\ $ default="\e[0m"
root@docker-demo ~\ $ export PS1="${green}${default}"
export PS1="test "
test export PS1="${green}\u@\h${default}"
root@docker-demoexport PS1=^C
root@docker-demoexport PS1=^C
root@docker-demoexport PS1="test "^C
root@docker-demovi .bash_aliases
root@docker-demovi .bash_prompt
root@docker-demovi .bashrc
root@docker-demomv .bash_prompt .bash_colours
root@docker-demoreload
root@docker-demo:~# PS1="${b_cyan}"
PS1="${b_green}\u@\h${default} $"
root@docker-demo $PS1="${b_grPS1="${b_green}\u@\h${default} $"^C
root@docker-demo $PS1="${b_green}\u@\h ${b_cyan}\w ${default}$ "
root@docker-demo ~ $ PS1="${b_green}\u@\h ${b_cyan}\w ${default}$ "vi .^C
root@docker-demo ~ $ vi .bashrc
root@docker-demo ~ $ reload
root@docker-demo ~ $ clear
default="\e[0m"

# NORMAL
black="\e[0;30m"
red="\e[0;31m"
green="\e[0;32m"
brown="\e[0;33m"
blue="\e[0;34m"
purple="\e[0;35m"
cyan="\e[0;36m"
grey="\e[0;37m"

# BOLD / BRIGHT
b_black="\e[1;30m"
b_red="\e[1;31m"
b_green="\e[1;32m"
b_brown="\e[1;33m"
b_blue="\e[1;34m"
b_purple="\e[1;35m"
b_cyan="\e[1;36m"
b_grey="\e[1;37m"

# DIM
black="\e[2;30m"
red="\e[2;31m"
green="\e[2;32m"
brown="\e[2;33m"
blue="\e[2;34m"
purple="\e[2;35m"
cyan="\e[2;36m"
grey="\e[2;37m"


~
~
~
~
".bash_colours" 33L, 464B                                                                                       1,1           All
default="\e[0m"

# NORMAL
black="\e[0;30m"
red="\e[0;31m"
green="\e[0;32m"
brown="\e[0;33m"
blue="\e[0;34m"
purple="\e[0;35m"
cyan="\e[0;36m"
grey="\e[0;37m"

# BOLD / BRIGHT
b_black="\e[1;30m"
b_red="\e[1;31m"
b_green="\e[1;32m"
b_brown="\e[1;33m"
b_blue="\e[1;34m"
b_purple="\e[1;35m"
b_cyan="\e[1;36m"
b_grey="\e[1;37m"

# DIM
black="\e[2;30m"
red="\e[2;31m"
green="\e[2;32m"
brown="\e[2;33m"
blue="\e[2;34m"
purple="\e[2;35m"
cyan="\e[2;36m"
grey="\e[2;37m"


~
~
~
~
".bash_colours" 33L, 464B                                                                                       1,1           All
